// Jest Snapshot v1, https://goo.gl/fbAQLP

exports[`renders without crashing 1`] = `
<RCTSafeAreaView
  style={
    Object {
      "backgroundColor": "#FAFAFA",
      "flex": 1,
      "paddingTop": 0,
    }
  }
/>
`;
